
8. Printing statistics.

=== adder ===

        +----------Local Count, excluding submodules.
        |        +-Local Area, excluding submodules.
        |        | 
      121        - wires
      214        - wire bits
        5        - public wires
       98        - public wire bits
        5        - ports
       98        - port bits
      149  984.694 cells
        3   22.522   sky130_fd_sc_hd__a211oi_1
        1    7.507   sky130_fd_sc_hd__a21o_1
        6   30.029   sky130_fd_sc_hd__a21oi_1
        3   26.275   sky130_fd_sc_hd__a311oi_1
        2   12.512   sky130_fd_sc_hd__a31oi_1
       15    93.84   sky130_fd_sc_hd__and2_0
        1    6.256   sky130_fd_sc_hd__and3_1
        9   56.304   sky130_fd_sc_hd__lpflow_inputiso1p_1
        1    6.256   sky130_fd_sc_hd__lpflow_isobufsrc_1
        8   80.077   sky130_fd_sc_hd__maj3_1
       16   60.058   sky130_fd_sc_hd__nand2_1
        1    6.256   sky130_fd_sc_hd__nand2b_1
       28  105.101   sky130_fd_sc_hd__nor2_1
        1    5.005   sky130_fd_sc_hd__o21ai_0
        4   35.034   sky130_fd_sc_hd__o311ai_0
        5   37.536   sky130_fd_sc_hd__o31ai_1
       38  332.819   sky130_fd_sc_hd__xnor2_1
        7   61.309   sky130_fd_sc_hd__xor2_1

   Chip area for module '\adder': 984.694400
     of which used for sequential elements: 0.000000 (0.00%)

