
8. Printing statistics.

=== adder ===

        +----------Local Count, excluding submodules.
        |        +-Local Area, excluding submodules.
        |        | 
       26        - wires
       47        - wire bits
        5        - public wires
       26        - public wire bits
        5        - ports
       26        - port bits
       30  232.723 cells
        1    7.507   sky130_fd_sc_hd__a211oi_1
        1    7.507   sky130_fd_sc_hd__a21o_1
        2   12.512   sky130_fd_sc_hd__and2_0
        1    6.256   sky130_fd_sc_hd__lpflow_inputiso1p_1
        5   50.048   sky130_fd_sc_hd__maj3_1
        1    3.754   sky130_fd_sc_hd__nand2_1
        4   15.014   sky130_fd_sc_hd__nor2_1
        1    7.507   sky130_fd_sc_hd__o31ai_1
       13  113.859   sky130_fd_sc_hd__xnor2_1
        1    8.758   sky130_fd_sc_hd__xor2_1

   Chip area for module '\adder': 232.723200
     of which used for sequential elements: 0.000000 (0.00%)

