
8. Printing statistics.

=== counter ===

        +----------Local Count, excluding submodules.
        |        +-Local Area, excluding submodules.
        |        | 
       15        - wires
       18        - wire bits
        5        - public wires
        8        - public wire bits
        5        - ports
        8        - port bits
       15  147.642 cells
        2    10.01   sky130_fd_sc_hd__a21oi_1
        1    6.256   sky130_fd_sc_hd__and3_1
        1    8.758   sky130_fd_sc_hd__and4_1
        1    3.754   sky130_fd_sc_hd__clkinv_1
        4   80.077   sky130_fd_sc_hd__dfxtp_1
        1    6.256   sky130_fd_sc_hd__nand4_1
        1    3.754   sky130_fd_sc_hd__nor2_1
        1    5.005   sky130_fd_sc_hd__nor3_1
        1    10.01   sky130_fd_sc_hd__o211a_1
        1    5.005   sky130_fd_sc_hd__o21ai_0
        1    8.758   sky130_fd_sc_hd__xor2_1

   Chip area for module '\counter': 147.641600
     of which used for sequential elements: 80.076800 (54.24%)

